// Jest Snapshot v1, https://goo.gl/fbAQLP

exports[`Upsert Popup component should match the snapshot 1`] = `[Function]`;
