// Jest Snapshot v1, https://goo.gl/fbAQLP

exports[`MovieBanner component should match the snapshot 1`] = `[Function]`;
