// Jest Snapshot v1, https://goo.gl/fbAQLP

exports[`DeleteMovie component should match the snapshot 1`] = `[Function]`;

exports[`DeleteMovie component should work for null 1`] = `[Function]`;
