// Jest Snapshot v1, https://goo.gl/fbAQLP

exports[`Confirmation Popup component should match the snapshot 1`] = `[Function]`;
