// Jest Snapshot v1, https://goo.gl/fbAQLP

exports[`MovieCard component should match the snapshot 1`] = `[Function]`;
